[0m12:04:54.677208 [debug] [MainThread]: Sending event: {'category': 'dbt', 'action': 'invocation', 'label': 'start', 'context': [<snowplow_tracker.self_describing_json.SelfDescribingJson object at 0x000001333B4EC980>, <snowplow_tracker.self_describing_json.SelfDescribingJson object at 0x0000013337187610>, <snowplow_tracker.self_describing_json.SelfDescribingJson object at 0x000001333D5FBC50>]}


============================== 12:04:54.689299 | e7739264-da6c-4f55-8cdc-bae30820886c ==============================
[0m12:04:54.689299 [info ] [MainThread]: Running with dbt=1.11.2
[0m12:04:54.690884 [debug] [MainThread]: running dbt with arguments {'write_json': 'True', 'profiles_dir': 'C:\\Users\\PC\\.dbt', 'invocation_command': 'dbt init', 'no_print': 'None', 'cache_selected_only': 'False', 'warn_error': 'None', 'static_parser': 'True', 'fail_fast': 'False', 'log_path': 'logs', 'send_anonymous_usage_stats': 'True', 'indirect_selection': 'eager', 'warn_error_options': 'WarnErrorOptionsV2(error=[], warn=[], silence=[])', 'partial_parse': 'True', 'version_check': 'True', 'use_experimental_parser': 'False', 'quiet': 'False', 'introspect': 'True', 'empty': 'None', 'log_cache_events': 'False', 'debug': 'False', 'log_format': 'default', 'use_colors': 'True', 'printer_width': '80', 'target_path': 'None'}
[0m12:04:54.743153 [info ] [MainThread]: Creating dbt configuration folder at C:\Users\PC\.dbt
[0m12:07:09.002843 [debug] [MainThread]: Starter project path: C:\Users\PC\AppData\Local\Programs\Python\Python313\Lib\site-packages\dbt\include\starter_project
[0m12:07:09.059050 [info ] [MainThread]: 
Your new dbt project "projet_dbt_sall" was created!

For more information on how to configure the profiles.yml file,
please consult the dbt documentation here:

  https://docs.getdbt.com/docs/configure-your-profile

One more thing:

Need help? Don't hesitate to reach out to us via GitHub issues or on Slack:

  https://community.getdbt.com/

Happy modeling!

[0m12:07:09.062707 [info ] [MainThread]: Setting up your profile.
[0m12:07:09.065184 [error] [MainThread]: Encountered an error:
Runtime Error
  No adapters available. Learn how to install an adapter by going to https://docs.getdbt.com/docs/connect-adapters#install-using-the-cli
[0m12:07:09.067646 [debug] [MainThread]: Command `dbt init` failed at 12:07:09.067329 after 134.67 seconds
[0m12:07:09.068427 [debug] [MainThread]: Sending event: {'category': 'dbt', 'action': 'invocation', 'label': 'end', 'context': [<snowplow_tracker.self_describing_json.SelfDescribingJson object at 0x000001333D69C770>, <snowplow_tracker.self_describing_json.SelfDescribingJson object at 0x000001333D6A1D90>, <snowplow_tracker.self_describing_json.SelfDescribingJson object at 0x000001333C4C6140>]}
[0m12:07:09.069170 [debug] [MainThread]: Flushing usage events
[0m12:07:10.008199 [debug] [MainThread]: An error was encountered while trying to flush usage events
[0m12:07:54.650753 [debug] [MainThread]: Sending event: {'category': 'dbt', 'action': 'invocation', 'label': 'start', 'context': [<snowplow_tracker.self_describing_json.SelfDescribingJson object at 0x00000170905A8980>, <snowplow_tracker.self_describing_json.SelfDescribingJson object at 0x000001708C277610>, <snowplow_tracker.self_describing_json.SelfDescribingJson object at 0x00000170926BBC50>]}


============================== 12:07:54.659147 | b193df7d-474c-41e8-97e5-ffe0d489cf79 ==============================
[0m12:07:54.659147 [info ] [MainThread]: Running with dbt=1.11.2
[0m12:07:54.660663 [debug] [MainThread]: running dbt with arguments {'no_print': 'None', 'profiles_dir': 'C:\\Users\\PC\\.dbt', 'cache_selected_only': 'False', 'invocation_command': 'dbt init', 'target_path': 'None', 'warn_error': 'None', 'indirect_selection': 'eager', 'fail_fast': 'False', 'partial_parse': 'True', 'send_anonymous_usage_stats': 'True', 'static_parser': 'True', 'warn_error_options': 'WarnErrorOptionsV2(error=[], warn=[], silence=[])', 'log_path': 'logs', 'use_experimental_parser': 'False', 'version_check': 'True', 'introspect': 'True', 'quiet': 'False', 'empty': 'None', 'log_cache_events': 'False', 'debug': 'False', 'log_format': 'default', 'use_colors': 'True', 'printer_width': '80', 'write_json': 'True'}
[0m11:14:54.247362 [debug] [MainThread]: Sending event: {'category': 'dbt', 'action': 'invocation', 'label': 'start', 'context': [<snowplow_tracker.self_describing_json.SelfDescribingJson object at 0x000002496254DD30>, <snowplow_tracker.self_describing_json.SelfDescribingJson object at 0x0000024964FD7D90>, <snowplow_tracker.self_describing_json.SelfDescribingJson object at 0x0000024964FD7C50>]}


============================== 11:14:54.258847 | 0611132a-9532-4333-a433-6824d69df73a ==============================
[0m11:14:54.258847 [info ] [MainThread]: Running with dbt=1.7.19
[0m11:14:54.261122 [debug] [MainThread]: running dbt with arguments {'printer_width': '80', 'indirect_selection': 'eager', 'log_cache_events': 'False', 'write_json': 'True', 'partial_parse': 'True', 'cache_selected_only': 'False', 'warn_error': 'None', 'fail_fast': 'False', 'debug': 'False', 'log_path': 'logs', 'profiles_dir': 'C:\\Users\\PC\\.dbt', 'version_check': 'True', 'use_colors': 'True', 'use_experimental_parser': 'False', 'no_print': 'None', 'quiet': 'False', 'warn_error_options': 'WarnErrorOptions(include=[], exclude=[])', 'static_parser': 'True', 'log_format': 'default', 'introspect': 'True', 'target_path': 'None', 'invocation_command': 'dbt debug', 'send_anonymous_usage_stats': 'True'}
[0m11:14:54.262361 [info ] [MainThread]: dbt version: 1.7.19
[0m11:14:54.263789 [info ] [MainThread]: python version: 3.13.7
[0m11:14:54.264965 [info ] [MainThread]: python path: C:\Users\PC\AppData\Local\Programs\Python\Python313\python.exe
[0m11:14:54.267260 [info ] [MainThread]: os info: Windows-10-10.0.19045-SP0
[0m11:14:54.269973 [info ] [MainThread]: Using profiles dir at C:\Users\PC\.dbt
[0m11:14:54.271131 [info ] [MainThread]: Using profiles.yml file at C:\Users\PC\.dbt\profiles.yml
[0m11:14:54.272345 [info ] [MainThread]: Using dbt_project.yml file at C:\Users\PC\Desktop\DBT_DEMO\dbt_project.yml
[0m11:14:54.273718 [info ] [MainThread]: Configuration:
[0m11:14:54.275120 [info ] [MainThread]:   profiles.yml file [[31mERROR not found[0m]
[0m11:14:54.276084 [info ] [MainThread]:   dbt_project.yml file [[31mERROR not found[0m]
[0m11:14:54.277330 [info ] [MainThread]: Required dependencies:
[0m11:14:54.279709 [debug] [MainThread]: Executing "git --help"
[0m11:14:54.374608 [debug] [MainThread]: STDOUT: "b"usage: git [-v | --version] [-h | --help] [-C <path>] [-c <name>=<value>]\n           [--exec-path[=<path>]] [--html-path] [--man-path] [--info-path]\n           [-p | --paginate | -P | --no-pager] [--no-replace-objects] [--no-lazy-fetch]\n           [--no-optional-locks] [--no-advice] [--bare] [--git-dir=<path>]\n           [--work-tree=<path>] [--namespace=<name>] [--config-env=<name>=<envvar>]\n           <command> [<args>]\n\nThese are common Git commands used in various situations:\n\nstart a working area (see also: git help tutorial)\n   clone      Clone a repository into a new directory\n   init       Create an empty Git repository or reinitialize an existing one\n\nwork on the current change (see also: git help everyday)\n   add        Add file contents to the index\n   mv         Move or rename a file, a directory, or a symlink\n   restore    Restore working tree files\n   rm         Remove files from the working tree and from the index\n\nexamine the history and state (see also: git help revisions)\n   bisect     Use binary search to find the commit that introduced a bug\n   diff       Show changes between commits, commit and working tree, etc\n   grep       Print lines matching a pattern\n   log        Show commit logs\n   show       Show various types of objects\n   status     Show the working tree status\n\ngrow, mark and tweak your common history\n   backfill   Download missing objects in a partial clone\n   branch     List, create, or delete branches\n   commit     Record changes to the repository\n   merge      Join two or more development histories together\n   rebase     Reapply commits on top of another base tip\n   reset      Reset current HEAD to the specified state\n   switch     Switch branches\n   tag        Create, list, delete or verify tags\n\ncollaborate (see also: git help workflows)\n   fetch      Download objects and refs from another repository\n   pull       Fetch from and integrate with another repository or a local branch\n   push       Update remote refs along with associated objects\n\n'git help -a' and 'git help -g' list available subcommands and some\nconcept guides. See 'git help <command>' or 'git help <concept>'\nto read about a specific subcommand or concept.\nSee 'git help git' for an overview of the system.\n""
[0m11:14:54.375700 [debug] [MainThread]: STDERR: "b''"
[0m11:14:54.376612 [info ] [MainThread]:  - git [[32mOK found[0m]

[0m11:14:54.377689 [info ] [MainThread]: Connection test skipped since no profile was found
[0m11:14:54.378599 [info ] [MainThread]: [31m2 checks failed:[0m
[0m11:14:54.379405 [info ] [MainThread]: dbt looked for a profiles.yml file in C:\Users\PC\.dbt\profiles.yml, but did
not find one. For more information on configuring your profile, consult the
documentation:

https://docs.getdbt.com/docs/configure-your-profile


[0m11:14:54.380750 [info ] [MainThread]: Project loading failed for the following reason:
 project path <C:\Users\PC\Desktop\DBT_DEMO\dbt_project.yml> not found

[0m11:14:54.384560 [debug] [MainThread]: Command `dbt debug` failed at 11:14:54.382354 after 0.44 seconds
[0m11:14:54.385956 [debug] [MainThread]: Sending event: {'category': 'dbt', 'action': 'invocation', 'label': 'end', 'context': [<snowplow_tracker.self_describing_json.SelfDescribingJson object at 0x0000024964E7A8B0>, <snowplow_tracker.self_describing_json.SelfDescribingJson object at 0x0000024965021490>, <snowplow_tracker.self_describing_json.SelfDescribingJson object at 0x0000024964E86F10>]}
[0m11:14:54.389539 [debug] [MainThread]: Flushing usage events
[0m17:33:44.286912 [debug] [MainThread]: Sending event: {'category': 'dbt', 'action': 'invocation', 'label': 'start', 'context': [<snowplow_tracker.self_describing_json.SelfDescribingJson object at 0x00000201F1F7DD30>, <snowplow_tracker.self_describing_json.SelfDescribingJson object at 0x00000201F4A07ED0>, <snowplow_tracker.self_describing_json.SelfDescribingJson object at 0x00000201F4A07D90>]}


============================== 17:33:44.297610 | acd8e34c-e20d-458f-ad4f-ddc46d284d4c ==============================
[0m17:33:44.297610 [info ] [MainThread]: Running with dbt=1.7.19
[0m17:33:44.298969 [debug] [MainThread]: running dbt with arguments {'printer_width': '80', 'indirect_selection': 'eager', 'write_json': 'True', 'log_cache_events': 'False', 'partial_parse': 'True', 'cache_selected_only': 'False', 'profiles_dir': 'C:\\Users\\PC\\.dbt', 'fail_fast': 'False', 'debug': 'False', 'log_path': 'logs', 'warn_error': 'None', 'version_check': 'True', 'use_colors': 'True', 'use_experimental_parser': 'False', 'no_print': 'None', 'quiet': 'False', 'warn_error_options': 'WarnErrorOptions(include=[], exclude=[])', 'introspect': 'True', 'invocation_command': 'dbt run', 'static_parser': 'True', 'target_path': 'None', 'log_format': 'default', 'send_anonymous_usage_stats': 'True'}
[0m17:33:44.299930 [error] [MainThread]: Encountered an error:
Runtime Error
  No dbt_project.yml found at expected path C:\Users\PC\Desktop\DBT_DEMO\dbt_project.yml
  Verify that each entry within packages.yml (and their transitive dependencies) contains a file named dbt_project.yml
  
[0m17:33:44.302360 [debug] [MainThread]: Command `dbt run` failed at 17:33:44.301970 after 0.30 seconds
[0m17:33:44.303220 [debug] [MainThread]: Sending event: {'category': 'dbt', 'action': 'invocation', 'label': 'end', 'context': [<snowplow_tracker.self_describing_json.SelfDescribingJson object at 0x00000201F48AA9E0>, <snowplow_tracker.self_describing_json.SelfDescribingJson object at 0x00000201F4A517F0>, <snowplow_tracker.self_describing_json.SelfDescribingJson object at 0x00000201F48B3020>]}
[0m17:33:44.304343 [debug] [MainThread]: Flushing usage events
